// Jest Snapshot v1, https://goo.gl/fbAQLP

exports[`Should render expense list with empty message 1`] = `
<div>
  <p>
    no expenses found.
  </p>
</div>
`;

exports[`Should render expense list with expenses 1`] = `
<div>
  <ExpenseListItem
    amount={100}
    createdAt={0}
    description="item 1 aabb"
    id="1"
    key="1"
    note=""
  />
  <ExpenseListItem
    amount={200}
    createdAt={-345600000}
    description="item 2 bbcc"
    id="2"
    key="2"
    note=""
  />
  <ExpenseListItem
    amount={300}
    createdAt={345600000}
    description="item 3 aacc"
    id="3"
    key="3"
    note=""
  />
</div>
`;
